"blank"					"=========================="
"blank"					"Communication"
"blank"					"=========================="
"+voicerecord"			"Use voice communication"
"messagemode"			"Chat message"
"messagemode2"			"Team message"
"blank"					"=========================="
"blank"					"Movement"
"blank"					"=========================="
"+forward"				"Move forward"
"+back"					"Move back"
"+left"					"Turn left"
"+right"				"Turn right"
"+moveleft"				"Move left (strafe)"
"+moveright"			"Move right (strafe)"
"+jump"					"Jump"
"+moveup"				"Swim up"
"+movedown"				"Swim down"
"+lookup"				"Look up"
"+lookdown"				"Look down"
"centerview"				"Look straight ahead"
"+strafe"				"Strafe modifier"
"+mlook"				"Mouse look modifier"
"+klook"				"Keyboard look modifier"
"blank"					"=========================="
"blank"					"Combat"
"blank"					"=========================="
"+attack"				"Primary attack"
"slot1"					"Axe"
"slot2"					"Shotgun"
"slot3" 				"Super Shotgun"
"slot4"					"Nailgun"
"slot5"					"Super Nailgun"
"slot6"					"Grenade Launcher"
"slot7"					"Rocket Launcher"
"slot8"					"Lightning Gun"
"invprev"				"Previous weapon"
"invnext"				"Next weapon"
"blank"					"=========================="
"blank"					"Miscellaneous"
"blank"					"=========================="
"+showscores"				"Display multiplayer scores"
"snapshot"				"Take screen shot"
"quit"					"Quit game"
"impulse 201"				"Spray logo"
				