"blank"				"=========================="
"blank"				"Communication Commands"
"blank"				"=========================="
"+voicerecord"		"Use voice communication"
"messagemode"		"Chat message"
"messagemode2"		"Team message"
"impulse 201"		"Spray logo"
"blank"				"=========================="
"blank"				"Movement Commands"
"blank"				"=========================="
"+forward"			"Move forward"
"+back"				"Move back"
"+left"				"Turn left"
"+right"			"Turn right"
"+moveleft"			"Move left (strafe)"
"+moveright"		"Move right (strafe)"
"+strafe"			"Strafe modifier"
"+mlook"			"Mouse look modifier"
"+klook"			"Keyboard look modifier"
"blank"				"=========================="
"blank"				"Combat Commands"
"blank"				"=========================="
"+attack"			"Throw Disc"
"+attack2"			"Throw Decapitator Disc"
"blank"				"=========================="
"blank"				"Miscellaneous"
"blank"				"=========================="
"changeteam"		"Change Team"
"+showscores"		"Display multiplayer scores"
"snapshot"			"Take screen shot"
"pause"				"Pause game"
"quit"				"Quit game"
