// *************************************************************
// HALF-LIFE COUNTER-STRIKE LAUNCHER STRINGS 
// ALL TRANSLATED BY SELCUK ISLAMOGLU (AKA [LVL]SiSL 
// COPYRIGHT OF TRANSLATION 2001 MARCH 20
// NOTE: DO NOT USE ANY PART OR WHOLE OF THIS LST WITHOUT
//       CREDITS TO SiSL AND LINK TO http://www.level.com.tr
// *************************************************************
1	"Turkish"
2	"Half-Life control class'lari bicimlendirilemiyor"
3	"Yanlis linklenmis sohbet odasi reddedildi."
4	"Linklenmemis sohbet odasi reddedildi."
5	"Maps dizininde harita sayisi degismis"
6	"liblist.gam dosyasi yanlis bicimlendirilmis. /valve dizinindekini gibi uyarlayin"
7	"Ag baglantiniz kopmus olabilir, fakat yine de devam ediliyor.."
8	"Oyuncu bilgi ekrani icin yeterli bellek yok"
9	"Sohbet odasi baglantisi kurulamiyor"
10	"Veri akisi saglanamiyor.."
18	"Renkler"
19	"Grafik karti özellikleri sorgulanamiyor"
20	"Grafik kartiniz gerekli islemleri yapmayi desteklemiyor"
21	"Half-Life Window class kaydedilemiyor"
22	"Windows'ta yeterli soket bulunamadi. Ag baglantisi dogru calismiyor olabilir."
23	"Hafizaya atanmis dosya giris/cikis hatasi veriyor."
24	"Oyunucu profilleri icin yeterli bellek bulunamadi. Çikiliyor.."
25	"Dugmelerin boyutlari gecerli degil.."
26	"Kullanici mesajlari kaydedilemiyor.."
27	"Motora dosya atanmasi yapilamiyor"
28	"'%s' sunucusuna baglanilamiyor."
37	"Hiç bir sunucu secilmedi."
56	"Oyunu kaydedebilmek icin Tek kisilik oyunda olmalisiniz"
74	"Mouse veya ok tuslarini kullanarak bir seçenege gelin. Seçenegin üstüne cift tiklayarak veya ENTER tusuna basarak secip istediginiz bir tusu atayin. Tusu silmek icinse Delete tusunu kullanin."
77	"Oyun esnasinda %s tusuna basarak oyunu kaydedebilir veya %s tusuyla oyunu yukleyebilirsiniz."
86	"Hareket"
87	"Tus"
88	"Alternatif"
89	"Bir tusa basiniz"
91	"Zaman"
92	"Oyun"
93	"Geçirilen zaman"
94	"Sunucu"
95	"Hiz"
96	"Harita"
97	"Oyuncu/Max"
99	"Oyun"
100	"Network"
101	"Baslatiliyor..."
102	"%s tamamlandi."
103	"%i sunucuyu listenizden tamamen çikaracaginiza emin misiniz?"
104	"%s sunucusuna baglaniliyor..."
111	"Favorilere ekle..."
112	"Favori listesinden sil"
113	"Tüm listeden tamamen sil"
114	"Hiç oyuncu bilgisi bulunmuyor"
115	"LAN oyununda oyuncu bilgisi bulunmaz"
116	"[hizli] %s"
117	"[otokayit] %s"
118	"No"
119	"Oyuncu Ismi"
120	"Skor"
121	"Oynadigi Sure"
123	"Sunucu listesi aliniyor..., %i sn kaldi"
124	"Liste alindi."
125	"Sunuculara ulasiliyor..."
126	"%s tamamlandi."
127	"Yeni kaydedilmis oyun"
128	"Yeni"
129	"Su andaki"
132	"Çözünürlük"
133	"Isim"
134	"Sayi"
135	"Sunucular"
139	"Half-Life DirectDraw'a ihtiyac duyar."
140	"Baglamak icin yeterli bosluk bulunamadi."
141	"Gamma resmi bulunamiyor 'game.bmp'"
142	"DirectDraw video modu bulunamiyor."
143	"Oyun Ses Ayari"
144	"Silah Sesleri"
145	"CD'den muzik cal"
146	"Yüksek Kalite Sesler (Hizli Bilgisayarlar icin)"
147	"Ekran boyutu, parlamklik, gamma ve video modlarini ayarlayin"
148	"Ses kalitesini ve yüksekligini ayarlayin"
149	"Klavye, Joystick ve Mouse özelliklerini ayarlayin"
150	"Ana menüye geri dönün"
151	"Özel Oda acin"
152	"Oda Ismi"
155	"Oda Basligi"
154	"Sunucu Ismi:"
155	"Harita:"
156	"Birlesik Oda:"
157	"Oyun Tipi:"
158	"Max. Oyuncu:"
159	"Half-Life oyunlarini Filtreleyin"
160	"Sadece asagidaki özelliktekileri goster:"
161	"Calisir durumda olan"
162	"Pingi yandakinden az olan"
163	"Dolu olmayan"
164	"Icinde oyuncu bulunan"
165	"Favori listemde olan"
166	"Seçili Chat Odasiyla alakali"
170	"Crosshair"
171	"Ters Mouse"
172	"Mouse Bakisi"
173	"Sicrama Bakis"
174	"Kayan Bakis"
175	"Mouse Filtresi"
176	"Joystick"
177	"Silahlar icin Nisangah (Crosshair)"
178	"Mouse'un Asagi/Yukari Eksenini degistirin"
179	"Mouse'u gezmek yerine bakinmak icin kullanin"
180	" "
181	" "
182	"Mouse'u son 2 frame'nden tekrar gecirerek hareket yumusatmasi"
183	"Joystick ozelligini ac"
184	"Mouse Hassasligi"
185	"Daha önce kayitli bir oyunu açin"
186	"Su andaki oyunu kaydedin"
187	"Ana Menüye dönün"
188	"Oyuna geri dönün"
189	" "
190	"Gercek karsilasmalara hazir olmak icin, Counter-Strike'i ögrenin."
191	"Egitim görevinde kaydettiginiz yerden devam edin."
192	"Egitimi kaydedin veya daha onceki kayitlardan devam edin."
193	"Counter-Strike'in video, ses ve kontrollerini ayarlayin."
194	"Half-Life Readme.txt'ini okuyun."
196	"Counter-Strike'dan çikin."
197	"Baglanabildiginiz en hizli sunucuya girin"
198	"Online olup, dünyadaki diger Counter-Strike oyuncularina katilin."
199	"Mesajiniz:"
200	"Basit egitim görevi ile baslayin"
201	"Orta derecede egitim görevini alin"
202	"En zorlu egitimden gecin"
203	"Ana menüye geri dönün"
204	"Oyuncu Seçin"
205	"Isim:"
206	"Sifre:"
207	"Sifrenizi unutmayin:"
208	"Oyuncu Modeli"
209	"Oyuncu Ismi"
210	"Profil:"
211	"Kullanicilarla Chat Yapin ve sunuculari gezinin"
212	"Ana menüye geri dönün"
213	"Ekran Boyutu"
214	"Gamma Ayari"
215	"Parlaklik Ayari"
216	"Gamma: Counter-Strike'in renk ayarlarini monitörünüze en uygun biçime getirir. "
218	"Pencereli Modda çalis"
220	"OpenGL Sürücüsü"
221	"D3D Araci"
222	"Ekran boyutu, gamma ve parlaklik azaltimi gibi video ayarlarini yapin"
223	"Video modlarini ve 3D Hizlandiricinizi ayarlayin"
224	"Bir onceki menüye dönün."
225	"Sunucu listesi tazeleniyor.."
226	"Basla"
227	"Sunuculara ulasiliyor.."
228	"Sunucu listesi isteniyor..."
230	"'%s' sunucusuna baglaniliyor.."
231	"%s sunucusuna baglanildi, oyuna geçiliyor"
232	"Atlaniyor..."
233	"%s\n%3.1f saniye"
234	"Egitim programina girmek su andaki oyunu bitirecek, çikmak icin TAMAM'a basin"
235	"Oyunu kaydetmeden Half-Life'tan cikacak misiniz?"
236	"Counter-Strike'dan çikmak istediginize emin misiniz?"
237	"Degisiklikleri kaydetmeden çikmak istediginize emin misiniz?"
238	"Yeni oyun yüklerseniz, mevcut olan oyununuzdan cikilacaktir, Devam edelim mi?"
239	"Seçili oyunu silmek istediginize emin misiniz?"
240	"Yeni oyuna girmek için su andaki oyunu sonlandiracaksiniz.."
241	"Yeni bir isim girin:"
242	"Ayarlariniz kaydetmek ister misiniz?"
243	"Kaydedilemiyor, su an oyun oynamiyorsunuz"
244	"Kayitli oyununu üstüne yazmak istediginizden emin misiniz?"
245	"Seçili video ayarlariniz geçerli durmuyor. Yine de bu ayarlari kullanmak ister misiniz?"
246	"A3D donanim destegi"
284	"Duvar Spreyi"
286	"Counter-Strike sunucularinin listesini alin ve dilediginiz birinde oyuna baslayin."
288	"Diger Counter-Strike oyunculariyla online sohbet edin."
290	"Yerel Ag baglantinizda bir Counter-Strike oyunu kurun."
292	"Oyuncu isminizi ve karakterinizin gorsel özelliklerini ayarlayin"
293	"Oda Sifresi (opsiyonel)"
294	"Sunucu Kurali"
295	"Degeri"
300	"IP adresine göre bir sunucu ekleyin..."
301	"Degistirilen sunucu listesini isteyin."
302	"Sunucu Host Adresi:"
303	"Sunucu IP adresi:"
304	"Sunucu 'Ping' zamani:"
305	"Profil Yüzü"
306	"Profil Modeli"
311	"Renk"
312	"Mevcut multi-player oyununuza geri dönün."
313	"Oyun sunucusundan baglantinizi koparin."
323	"Kan gibi özellikleri kapatin. Eger kapali olursa Counter-Strike oynanamayacaktir"
324	"Half-Life: Counter-Strike'in son surumunu download edin"
325	"Herhangi bir WON sunucusuna baglanilamiyor."
326	"Oyuncu profili bulunamadi."
335	"Counter-Strike oynamak icin gecerli bir CD-Key girmeniz gerekli"
336	"Girmis oldugunuz CD-Key gecersiz, Lütfen tekrar deneyin"
337	"CD-Key'iniz gecersiz, Lütfen CD-Key'inizi tekrar giriniz"
340	"Lütfen Half-Life CD'nizi takiniz."
344	"Bu IP adresi cozumlenemiyor."
349	"Sunucu listesi alinamiyor, Internet baglantinizi kontrol edin."
350	"Ana sunucuya baglanilamiyor, Onceki ayarlar kullanilacak..."
351	"Oda listesi alinamiyor."
353	"Multiplayer oyuna girmek, mevcut tek kisilik oyununuzu sonlandiracaktir. Kaydetmeden cikacak misiniz?"
354	"Lütfen Half-Life CD Kutunuzun arkasinda yazili olan CD-Key'i giriniz."
355	"Multiplayer sistemden çikmak, mevcut multiplayer oyununuzu sonlandiracaktir. çikmak icin TAMAM'a basin"
356	"Sunucunun Internet Adresini giriniz (orn: 192.168.0.1:27015)"
357	"Oda sifresini giriniz:"
358	"Oyun oynamiyorsunuz. Oyun kaydedilemez."
359	"Bu kayitli oyunun uzerine kaydetmekten emin misiniz?"
376	"Sunucular araniyor.."
377	"Sunucu listesi alindi.."
378	"Sunuculara baglaniliyor..."
379	"Sunucu Bilgisi Aliniyor..."
380	"'%s' odasi aciliyor, Lütfen bekleyin"
381	"Oda Açilimi"
382	"Saat"
383	"Oyun"
384	"Geçirilmis Zaman"
385	"Yeni Kayit"
386	"Yeni"
387	"Su andaki"
388	"'%s'sunucusuna baglaniliyor...\n\n%s"
390	"Içerik kontrolü Ac/Kapat"
391	"Çocuklara uygunsuz olan özelliklerin kapatilmasi için buraya tiklayip bir sifre girin.  Bu ozelligi degistirmek isteyenlerin bu sifreyi bilmesi gereklidir. ONEMLI NOT: Bu özelligi açarsaniz Counter-Strike oynanamaz."
392	"Sifrenizi Giriniz:"
393	"Sifrenizi tekrar giriniz:"
394	"Girdiginiz sifreler birbirini tutmuyor, Lütfen tekrar deneyiniz"
395	"Yanlis Sifre"
397	"Otomatik Nisan (Aim)"
398	"Eger sunucu izin veriyorsa, bu özellikle düsmaniniza otomatik nisan alabilirsiniz."
400	"Nasil oynayacaginizi ögrenmek icin resmi Counter-Strike dökümanini okuyun."
401	"%i saniye kaldi..."
402	"cstrike\manual\manual.htm"
403	"Sayfa: %i/%i"
405	"Internet Baglanti Hizi"
410	"Yuksek kaliteli modeller (Hizli bilgisayarlar icin)"
412	"Sohbet odasi baglanti problemi, tekrar deneniyor.."
413	"Tekrar baglanti basarisiz. Lütfen Internete bagli oldugunuzdan emin olup, tekrar deneyin."
414	"Tekrar baglanildi.."
416	"Counter-Strike sitesini ziyaret edin"
417	"www.counter-strike.net"
418	"CD Muzigi sesi icin Windows Ses ayarlarini kontrol edin."
419	"<<<"
420	">>>"
423	"Kalici Odalar"
424	"Kullanici Odalari"
425	"Ana menüye geri dönün."
426	"CS Networkündeki resmi haberler ve yenilikleri ögrenin"
427	"EAX donanim destegi"
428	"Seçilmis olan OpenGL çözünürlügü, ekran kartinizca desteklenmiyor."
429	"Seçilmis olan Direct3D çözünürlügü, ekran kartinizca desteklenmiyor."
430	"Seçilmis video modu mevcut degil."
431	"Lütfen baska bir video modu seciniz."
432	"Video sistemi yuklenemiyor."
433	"WON sunucusuna baglanilamiyor. Lütfen Internet baglantinizi kontrol ediniz."
434	"Half-Life'inizin tarihi oldukca eski. Half-Life'iniz kendini su anki versiyona yükseltecek."
435	"Half-Life CD-Key'iniz geçersiz."
436	"Sunucu bilgisi isteniyor"
437	"Baglanilmadi."
438	"Yeni sürümler icin Interneti kontrol etmek istermisiniz?"
439	"WON'a giris yapilamiyor.."
440	"WON'a giris yapiliyor..."
441	"Ozellestirilmis Logolar ayni yükseklik ve genislikte olmali."
442	"Ozellestirilmis Logolar 64 x 64 pikselden daha büyük olamaz."
443	"Ozellestirilmis Logolarin yükseklik ve genislikleri 2, 4, 8, 16, 32 veya 64 piksel olmalidir."
444	"Ozel"
445	"Veri transfer hizini giriniz (100 - 9999)"
446	"Half-Life kayitlari düzenleniyor. Kendi ayarlarinizi tekrar düzeltiniz."
447	"%s 'e girilmeye çalisiliyor."
459	"Half-Life CD Key'iniz su an baskasi tarafindan kullaniliyor. Lütfen daha sonra tekrar deneyiniz."
467	"Oyun sunucusuna baglanilamiyor: Sebep: %s"
468	"Sifre gereklidir, Lütfen bir sifre girip, tekrar baglanmayi deneyiniz."
469	"En saglam OpenGL modu olarak 640x480 önerilmektedir. Diger çözünürlüklerde kartiniz çalismayabilir.\n\nEger ekran kartinizda Voodoo, Voodoo 2 ve Bunshee chipsetleri bulunuyorsa, 3DFX Mini Driver'ini OpenGL Driveriniz olarak seciniz."
470	"Logonuzu degistirmek mevcut oyununuzu sonlandiracaktir. Oyundan çikmak icin TAMAM'a basin"
473	"Half-Life dosyaniz degismis, lütfen sisteminizi virüslere karsi kontrol edip, tekrar Half-Life'i yükleyin."
496	"Joystickle hareket etmek yerine, etrafa bakinmak icin kullanin."
497	"Joystick Bakisi"
500	"Sunucu baglanti hizina gore sirala.."
502	"Daha hizli software spriteleri kullan"
503	"Kapatilmistir."
504	"Yandaki oyunu iceren.."
506	"Tip"
507	"Isim"
508	"Versiyon"
509	"Boyut"
510	"Rating"
511	"Yüklü"
512	"Sunucular"
513	"Oyuncular"
514	"'%s' download ediliyor"
518	"%.1f saniye"
519	"%s sunucusuna baglaniliyor"
520	"Download boyutu aliniyor"
524	"%i sunucu ( %i online oyuncu )"
525	"Seçilen sunucu bilgisini yenile"
526	"%s oyunu oynatan sunucuya, oyunu kurmadiktan sonra baglanamazsiniz."
527	"Karsi makinada %s açilamiyor"
528	"Yerel makinada %s açilamiyor"
530	"Diger modlari oynayin/download edin veya Half-Life'a dönün."
537	"Bilgi:"
538	"Evet"
539	"Hayir"
540	"Update"
541	"Mod Bilgileri aliniyor"
543	"Bunu bir daha gösterme"
549	"Counter-Strike %s oynanan bir sunucuya baglanmaya çalisiyorsunuz. Sizin versiyonunuz %s. Devam etmek ister misiniz?"
552	"%i sunucu kaldi."
553	"Dedicated sunucu (daha hizli, fakat sunucuya bu makinadan baglanamazsiniz)."
554	"Counter-Strike %s oynanan bir sunucuya baglanmaya çalisiyorsunuz. Sizin versiyonunuz %s. Devam etmek ister misiniz?"
555	"%s sunucusuna baglanamiyorsunuz, sunucu dolu."
563	"Yandaki haritayi calistiran:"
564	"Linux sunucular"
565	"Dedicated (adanmis) sunucular"
566	"%s oyunu"
567	"Filtre:"
568	"%s haritasi"
569	"Bos olmayan"
570	"Tam dolu olmayan"
571	"Dedicated sunucu"
572	"Linux sunucu"
573	"Yalnizca favori listesi"
574	"ping <= %i"
575	"Aktif Filtre Yok"
576	"Yükleniyor..."
583	"Izleyici proxy ise"
584	"Izleyici proxy degilse"
586	"Internet oyunlarini izle"
588	"Gonderilen sesin yuksekligi"
589	"Alinan sesin yuksekligi"
591	"Sesli iletisim teknolojisi kullan"
595	"Anti-hile teknolojisi kullanan"
597	"Sesli iletisim icin mikrofon kullan"